../Core/Src/main.c:76:5:main	184	static
../Core/Src/main.c:132:6:SystemClock_Config	88	static
../Core/Src/main.c:174:13:MX_ADC1_Init	24	static
../Core/Src/main.c:289:13:MX_USART3_UART_Init	8	static
../Core/Src/main.c:322:13:MX_DMA_Init	16	static
../Core/Src/main.c:340:13:MX_GPIO_Init	48	static
../Core/Src/main.c:367:6:HAL_ADC_ConvHalfCpltCallback	16	static
../Core/Src/main.c:372:6:HAL_ADC_ConvCpltCallback	16	static
../Core/Src/main.c:381:6:MPU_Config	24	static
../Core/Src/main.c:412:6:Error_Handler	4	static,ignoring_inline_asm
