Archive member included to satisfy reference by file (symbol)

/Applications/STM32CubeIDE.app/Contents/Eclipse/plugins/com.st.stm32cube.ide.mcu.externaltools.gnu-tools-for-stm32.11.3.rel1.macos64_1.1.0.202305231506/tools/bin/../lib/gcc/arm-none-eabi/11.3.1/../../../../arm-none-eabi/lib/thumb/v7e-m+dp/hard/libc_nano.a(libc_a-exit.o)
                              /Applications/STM32CubeIDE.app/Contents/Eclipse/plugins/com.st.stm32cube.ide.mcu.externaltools.gnu-tools-for-stm32.11.3.rel1.macos64_1.1.0.202305231506/tools/bin/../lib/gcc/arm-none-eabi/11.3.1/../../../../arm-none-eabi/lib/thumb/v7e-m+dp/hard/crt0.o (exit)
/Applications/STM32CubeIDE.app/Contents/Eclipse/plugins/com.st.stm32cube.ide.mcu.externaltools.gnu-tools-for-stm32.11.3.rel1.macos64_1.1.0.202305231506/tools/bin/../lib/gcc/arm-none-eabi/11.3.1/../../../../arm-none-eabi/lib/thumb/v7e-m+dp/hard/libc_nano.a(libc_a-findfp.o)
                              /Applications/STM32CubeIDE.app/Contents/Eclipse/plugins/com.st.stm32cube.ide.mcu.externaltools.gnu-tools-for-stm32.11.3.rel1.macos64_1.1.0.202305231506/tools/bin/../lib/gcc/arm-none-eabi/11.3.1/../../../../arm-none-eabi/lib/thumb/v7e-m+dp/hard/libc_nano.a(libc_a-exit.o) (__stdio_exit_handler)
/Applications/STM32CubeIDE.app/Contents/Eclipse/plugins/com.st.stm32cube.ide.mcu.externaltools.gnu-tools-for-stm32.11.3.rel1.macos64_1.1.0.202305231506/tools/bin/../lib/gcc/arm-none-eabi/11.3.1/../../../../arm-none-eabi/lib/thumb/v7e-m+dp/hard/libc_nano.a(libc_a-fwalk.o)
                              /Applications/STM32CubeIDE.app/Contents/Eclipse/plugins/com.st.stm32cube.ide.mcu.externaltools.gnu-tools-for-stm32.11.3.rel1.macos64_1.1.0.202305231506/tools/bin/../lib/gcc/arm-none-eabi/11.3.1/../../../../arm-none-eabi/lib/thumb/v7e-m+dp/hard/libc_nano.a(libc_a-findfp.o) (_fwalk_sglue)
/Applications/STM32CubeIDE.app/Contents/Eclipse/plugins/com.st.stm32cube.ide.mcu.externaltools.gnu-tools-for-stm32.11.3.rel1.macos64_1.1.0.202305231506/tools/bin/../lib/gcc/arm-none-eabi/11.3.1/../../../../arm-none-eabi/lib/thumb/v7e-m+dp/hard/libc_nano.a(libc_a-memset.o)
                              /Applications/STM32CubeIDE.app/Contents/Eclipse/plugins/com.st.stm32cube.ide.mcu.externaltools.gnu-tools-for-stm32.11.3.rel1.macos64_1.1.0.202305231506/tools/bin/../lib/gcc/arm-none-eabi/11.3.1/../../../../arm-none-eabi/lib/thumb/v7e-m+dp/hard/crt0.o (memset)
/Applications/STM32CubeIDE.app/Contents/Eclipse/plugins/com.st.stm32cube.ide.mcu.externaltools.gnu-tools-for-stm32.11.3.rel1.macos64_1.1.0.202305231506/tools/bin/../lib/gcc/arm-none-eabi/11.3.1/../../../../arm-none-eabi/lib/thumb/v7e-m+dp/hard/libc_nano.a(libc_a-impure.o)
                              /Applications/STM32CubeIDE.app/Contents/Eclipse/plugins/com.st.stm32cube.ide.mcu.externaltools.gnu-tools-for-stm32.11.3.rel1.macos64_1.1.0.202305231506/tools/bin/../lib/gcc/arm-none-eabi/11.3.1/../../../../arm-none-eabi/lib/thumb/v7e-m+dp/hard/libc_nano.a(libc_a-findfp.o) (_impure_data)
/Applications/STM32CubeIDE.app/Contents/Eclipse/plugins/com.st.stm32cube.ide.mcu.externaltools.gnu-tools-for-stm32.11.3.rel1.macos64_1.1.0.202305231506/tools/bin/../lib/gcc/arm-none-eabi/11.3.1/../../../../arm-none-eabi/lib/thumb/v7e-m+dp/hard/libc_nano.a(libc_a-errno.o)
                              ./Core/Src/syscalls.o (__errno)
/Applications/STM32CubeIDE.app/Contents/Eclipse/plugins/com.st.stm32cube.ide.mcu.externaltools.gnu-tools-for-stm32.11.3.rel1.macos64_1.1.0.202305231506/tools/bin/../lib/gcc/arm-none-eabi/11.3.1/../../../../arm-none-eabi/lib/thumb/v7e-m+dp/hard/libc_nano.a(libc_a-init.o)
                              /Applications/STM32CubeIDE.app/Contents/Eclipse/plugins/com.st.stm32cube.ide.mcu.externaltools.gnu-tools-for-stm32.11.3.rel1.macos64_1.1.0.202305231506/tools/bin/../lib/gcc/arm-none-eabi/11.3.1/../../../../arm-none-eabi/lib/thumb/v7e-m+dp/hard/crt0.o (__libc_init_array)
/Applications/STM32CubeIDE.app/Contents/Eclipse/plugins/com.st.stm32cube.ide.mcu.externaltools.gnu-tools-for-stm32.11.3.rel1.macos64_1.1.0.202305231506/tools/bin/../lib/gcc/arm-none-eabi/11.3.1/../../../../arm-none-eabi/lib/thumb/v7e-m+dp/hard/libc_nano.a(libc_a-lock.o)
                              /Applications/STM32CubeIDE.app/Contents/Eclipse/plugins/com.st.stm32cube.ide.mcu.externaltools.gnu-tools-for-stm32.11.3.rel1.macos64_1.1.0.202305231506/tools/bin/../lib/gcc/arm-none-eabi/11.3.1/../../../../arm-none-eabi/lib/thumb/v7e-m+dp/hard/libc_nano.a(libc_a-findfp.o) (__retarget_lock_init_recursive)
/Applications/STM32CubeIDE.app/Contents/Eclipse/plugins/com.st.stm32cube.ide.mcu.externaltools.gnu-tools-for-stm32.11.3.rel1.macos64_1.1.0.202305231506/tools/bin/../lib/gcc/arm-none-eabi/11.3.1/../../../../arm-none-eabi/lib/thumb/v7e-m+dp/hard/libc_nano.a(libc_a-strlen.o)
                              ./Core/Src/main.o (strlen)
[...]
Memory Configuration

Name             Origin             Length             Attributes
RAM              0x0000000020000000 0x0000000000080000 xrw
FLASH            0x0000000008000000 0x0000000000200000 xr
*default*        0x0000000000000000 0xffffffffffffffff

Linker script and memory map

LOAD /Applications/STM32CubeIDE.app/Contents/Eclipse/plugins/com.st.stm32cube.ide.mcu.externaltools.gnu-tools-for-stm32.11.3.rel1.macos64_1.1.0.202305231506/tools/bin/../lib/gcc/arm-none-eabi/11.3.1/thumb/v7e-m+dp/hard/crti.o
LOAD /Applications/STM32CubeIDE.app/Contents/Eclipse/plugins/com.st.stm32cube.ide.mcu.externaltools.gnu-tools-for-stm32.11.3.rel1.macos64_1.1.0.202305231506/tools/bin/../lib/gcc/arm-none-eabi/11.3.1/thumb/v7e-m+dp/hard/crtbegin.o
LOAD /Applications/STM32CubeIDE.app/Contents/Eclipse/plugins/com.st.stm32cube.ide.mcu.externaltools.gnu-tools-for-stm32.11.3.rel1.macos64_1.1.0.202305231506/tools/bin/../lib/gcc/arm-none-eabi/11.3.1/../../../../arm-none-eabi/lib/thumb/v7e-m+dp/hard/crt0.o
LOAD ./Core/Src/main.o
LOAD ./Core/Src/stm32f7xx_hal_msp.o
LOAD ./Core/Src/stm32f7xx_it.o
LOAD ./Core/Src/syscalls.o
LOAD ./Core/Src/sysmem.o
LOAD ./Core/Src/system_stm32f7xx.o
LOAD ./Core/Startup/startup_stm32f767zitx.o
LOAD ./Drivers/STM32F7xx_HAL_Driver/Src/stm32f7xx_hal.o
LOAD ./Drivers/STM32F7xx_HAL_Driver/Src/stm32f7xx_hal_cortex.o
LOAD ./Drivers/STM32F7xx_HAL_Driver/Src/stm32f7xx_hal_dma.o
LOAD ./Drivers/STM32F7xx_HAL_Driver/Src/stm32f7xx_hal_dma_ex.o
LOAD ./Drivers/STM32F7xx_HAL_Driver/Src/stm32f7xx_hal_exti.o
LOAD ./Drivers/STM32F7xx_HAL_Driver/Src/stm32f7xx_hal_flash.o
LOAD ./Drivers/STM32F7xx_HAL_Driver/Src/stm32f7xx_hal_flash_ex.o
LOAD ./Drivers/STM32F7xx_HAL_Driver/Src/stm32f7xx_hal_gpio.o
LOAD ./Drivers/STM32F7xx_HAL_Driver/Src/stm32f7xx_hal_i2c.o
LOAD ./Drivers/STM32F7xx_HAL_Driver/Src/stm32f7xx_hal_i2c_ex.o
LOAD ./Drivers/STM32F7xx_HAL_Driver/Src/stm32f7xx_hal_pwr.o
LOAD ./Drivers/STM32F7xx_HAL_Driver/Src/stm32f7xx_hal_pwr_ex.o
LOAD ./Drivers/STM32F7xx_HAL_Driver/Src/stm32f7xx_hal_rcc.o
LOAD ./Drivers/STM32F7xx_HAL_Driver/Src/stm32f7xx_hal_rcc_ex.o
LOAD ./Drivers/STM32F7xx_HAL_Driver/Src/stm32f7xx_hal_uart.o
LOAD ./Drivers/STM32F7xx_HAL_Driver/Src/stm32f7xx_hal_uart_ex.o
START GROUP
LOAD /Applications/STM32CubeIDE.app/Contents/Eclipse/plugins/com.st.stm32cube.ide.mcu.externaltools.gnu-tools-for-stm32.11.3.rel1.macos64_1.1.0.202305231506/tools/bin/../lib/gcc/arm-none-eabi/11.3.1/../../../../arm-none-eabi/lib/thumb/v7e-m+dp/hard/libc_nano.a
LOAD /Applications/STM32CubeIDE.app/Contents/Eclipse/plugins/com.st.stm32cube.ide.mcu.externaltools.gnu-tools-for-stm32.11.3.rel1.macos64_1.1.0.202305231506/tools/bin/../lib/gcc/arm-none-eabi/11.3.1/../../../../arm-none-eabi/lib/thumb/v7e-m+dp/hard/libm.a
END GROUP
START GROUP
LOAD /Applications/STM32CubeIDE.app/Contents/Eclipse/plugins/com.st.stm32cube.ide.mcu.externaltools.gnu-tools-for-stm32.11.3.rel1.macos64_1.1.0.202305231506/tools/bin/../lib/gcc/arm-none-eabi/11.3.1/thumb/v7e-m+dp/hard/libgcc.a
LOAD /Applications/STM32CubeIDE.app/Contents/Eclipse/plugins/com.st.stm32cube.ide.mcu.externaltools.gnu-tools-for-stm32.11.3.rel1.macos64_1.1.0.202305231506/tools/bin/../lib/gcc/arm-none-eabi/11.3.1/../../../../arm-none-eabi/lib/thumb/v7e-m+dp/hard/libc_nano.a
END GROUP
START GROUP
LOAD /Applications/STM32CubeIDE.app/Contents/Eclipse/plugins/com.st.stm32cube.ide.mcu.externaltools.gnu-tools-for-stm32.11.3.rel1.macos64_1.1.0.202305231506/tools/bin/../lib/gcc/arm-none-eabi/11.3.1/thumb/v7e-m+dp/hard/libgcc.a
LOAD /Applications/STM32CubeIDE.app/Contents/Eclipse/plugins/com.st.stm32cube.ide.mcu.externaltools.gnu-tools-for-stm32.11.3.rel1.macos64_1.1.0.202305231506/tools/bin/../lib/gcc/arm-none-eabi/11.3.1/../../../../arm-none-eabi/lib/thumb/v7e-m+dp/hard/libc_nano.a
LOAD /Applications/STM32CubeIDE.app/Contents/Eclipse/plugins/com.st.stm32cube.ide.mcu.externaltools.gnu-tools-for-stm32.11.3.rel1.macos64_1.1.0.202305231506/tools/bin/../lib/gcc/arm-none-eabi/11.3.1/../../../../arm-none-eabi/lib/thumb/v7e-m+dp/hard/libnosys.a
END GROUP
START GROUP
LOAD /Applications/STM32CubeIDE.app/Contents/Eclipse/plugins/com.st.stm32cube.ide.mcu.externaltools.gnu-tools-for-stm32.11.3.rel1.macos64_1.1.0.202305231506/tools/bin/../lib/gcc/arm-none-eabi/11.3.1/thumb/v7e-m+dp/hard/libgcc.a
LOAD /Applications/STM32CubeIDE.app/Contents/Eclipse/plugins/com.st.stm32cube.ide.mcu.externaltools.gnu-tools-for-stm32.11.3.rel1.macos64_1.1.0.202305231506/tools/bin/../lib/gcc/arm-none-eabi/11.3.1/../../../../arm-none-eabi/lib/thumb/v7e-m+dp/hard/libc_nano.a
LOAD /Applications/STM32CubeIDE.app/Contents/Eclipse/plugins/com.st.stm32cube.ide.mcu.externaltools.gnu-tools-for-stm32.11.3.rel1.macos64_1.1.0.202305231506/tools/bin/../lib/gcc/arm-none-eabi/11.3.1/../../../../arm-none-eabi/lib/thumb/v7e-m+dp/hard/libnosys.a
END GROUP
LOAD /Applications/STM32CubeIDE.app/Contents/Eclipse/plugins/com.st.stm32cube.ide.mcu.externaltools.gnu-tools-for-stm32.11.3.rel1.macos64_1.1.0.202305231506/tools/bin/../lib/gcc/arm-none-eabi/11.3.1/thumb/v7e-m+dp/hard/crtend.o
LOAD /Applications/STM32CubeIDE.app/Contents/Eclipse/plugins/com.st.stm32cube.ide.mcu.externaltools.gnu-tools-for-stm32.11.3.rel1.macos64_1.1.0.202305231506/tools/bin/../lib/gcc/arm-none-eabi/11.3.1/thumb/v7e-m+dp/hard/crtn.o
                0x0000000020080000                _estack = (ORIGIN (RAM) + LENGTH (RAM))
                0x0000000000000200                _Min_Heap_Size = 0x200
                0x0000000000000400                _Min_Stack_Size = 0x400

.isr_vector     0x0000000008000000      0x1f8
                0x0000000008000000                . = ALIGN (0x4)
 *(.isr_vector)
 .isr_vector    0x0000000008000000      0x1f8 ./Core/Startup/startup_stm32f767zitx.o
                0x0000000008000000                g_pfnVectors
                0x00000000080001f8                . = ALIGN (0x4)

.text           0x00000000080001f8     0x3e8c
                0x00000000080001f8                . = ALIGN (0x4)
 *(.text)
 .text          0x00000000080001f8       0x40 /Applications/STM32CubeIDE.app/Contents/Eclipse/plugins/com.st.stm32cube.ide.mcu.externaltools.gnu-tools-for-stm32.11.3.rel1.macos64_1.1.0.202305231506/tools/bin/../lib/gcc/arm-none-eabi/11.3.1/thumb/v7e-m+dp/hard/crtbegin.o
 .text          0x0000000008000238       0x10 /Applications/STM32CubeIDE.app/Contents/Eclipse/plugins/com.st.stm32cube.ide.mcu.externaltools.gnu-tools-for-stm32.11.3.rel1.macos64_1.1.0.202305231506/tools/bin/../lib/gcc/arm-none-eabi/11.3.1/../../../../arm-none-eabi/lib/thumb/v7e-m+dp/hard/libc_nano.a(libc_a-strlen.o)
                0x0000000008000238                strlen
 .text          0x0000000008000248       0x30 /Applications/STM32CubeIDE.app/Contents/Eclipse/plugins/com.st.stm32cube.ide.mcu.externaltools.gnu-tools-for-stm32.11.3.rel1.macos64_1.1.0.202305231506/tools/bin/../lib/gcc/arm-none-eabi/11.3.1/thumb/v7e-m+dp/hard/libgcc.a(_aeabi_uldivmod.o)
                0x0000000008000248                __aeabi_uldivmod
 .text          0x0000000008000278      0x2c8 /Applications/STM32CubeIDE.app/Contents/Eclipse/plugins/com.st.stm32cube.ide.mcu.externaltools.gnu-tools-for-stm32.11.3.rel1.macos64_1.1.0.202305231506/tools/bin/../lib/gcc/arm-none-eabi/11.3.1/thumb/v7e-m+dp/hard/libgcc.a(_udivmoddi4.o)
                0x0000000008000278                __udivmoddi4
 .text          0x0000000008000540        0x4 /Applications/STM32CubeIDE.app/Contents/Eclipse/plugins/com.st.stm32cube.ide.mcu.externaltools.gnu-tools-for-stm32.11.3.rel1.macos64_1.1.0.202305231506/tools/bin/../lib/gcc/arm-none-eabi/11.3.1/thumb/v7e-m+dp/hard/libgcc.a(_dvmd_tls.o)
                0x0000000008000540                __aeabi_ldiv0
                0x0000000008000540                __aeabi_idiv0
 *(.text*)
 .text.main     0x0000000008000544      0x1c0 ./Core/Src/main.o
                0x0000000008000544                main
 .text.SystemClock_Config
                0x0000000008000704       0xb8 ./Core/Src/main.o
                0x0000000008000704                SystemClock_Config
 .text.MX_USART2_UART_Init
                0x00000000080007bc       0x60 ./Core/Src/main.o
 .text.MX_USART3_UART_Init
                0x000000000800081c       0x60 ./Core/Src/main.o
 .text.MX_GPIO_Init
                0x000000000800087c       0x84 ./Core/Src/main.o
 .text.HAL_GPIO_EXTI_Callback
                0x0000000008000900       0x74 ./Core/Src/main.o
                0x0000000008000900                HAL_GPIO_EXTI_Callback
 .text.HAL_UART_RxCpltCallback
                0x0000000008000974      0x2f0 ./Core/Src/main.o
                0x0000000008000974                HAL_UART_RxCpltCallback
 .text.Error_Handler
                0x0000000008000c64        0xa ./Core/Src/main.o
                0x0000000008000c64                Error_Handler
 *fill*         0x0000000008000c6e        0x2 
 .text.HAL_MspInit
                0x0000000008000c70       0x48 ./Core/Src/stm32f7xx_hal_msp.o
                0x0000000008000c70                HAL_MspInit
 .text.HAL_UART_MspInit
                0x0000000008000cb8      0x164 ./Core/Src/stm32f7xx_hal_msp.o
                0x0000000008000cb8                HAL_UART_MspInit
 .text.NMI_Handler
                0x0000000008000e1c        0x6 ./Core/Src/stm32f7xx_it.o
                0x0000000008000e1c                NMI_Handler
 .text.HardFault_Handler
                0x0000000008000e22        0x6 ./Core/Src/stm32f7xx_it.o
                0x0000000008000e22                HardFault_Handler
 .text.MemManage_Handler
                0x0000000008000e28        0x6 ./Core/Src/stm32f7xx_it.o
                0x0000000008000e28                MemManage_Handler
 .text.BusFault_Handler
                0x0000000008000e2e        0x6 ./Core/Src/stm32f7xx_it.o
                0x0000000008000e2e                BusFault_Handler
 .text.UsageFault_Handler
                0x0000000008000e34        0x6 ./Core/Src/stm32f7xx_it.o
                0x0000000008000e34                UsageFault_Handler
 .text.SVC_Handler
                0x0000000008000e3a        0xe ./Core/Src/stm32f7xx_it.o
                0x0000000008000e3a                SVC_Handler
 .text.DebugMon_Handler
                0x0000000008000e48        0xe ./Core/Src/stm32f7xx_it.o
                0x0000000008000e48                DebugMon_Handler
 .text.PendSV_Handler
                0x0000000008000e56        0xe ./Core/Src/stm32f7xx_it.o
                0x0000000008000e56                PendSV_Handler
 .text.SysTick_Handler
                0x0000000008000e64        0xc ./Core/Src/stm32f7xx_it.o
                0x0000000008000e64                SysTick_Handler
 .text.USART2_IRQHandler
                0x0000000008000e70       0x14 ./Core/Src/stm32f7xx_it.o
                0x0000000008000e70                USART2_IRQHandler
 .text.USART3_IRQHandler
                0x0000000008000e84       0x14 ./Core/Src/stm32f7xx_it.o
                0x0000000008000e84                USART3_IRQHandler
 .text.EXTI15_10_IRQHandler
                0x0000000008000e98       0x10 ./Core/Src/stm32f7xx_it.o
                0x0000000008000e98                EXTI15_10_IRQHandler
 .text.SystemInit
                0x0000000008000ea8       0x24 ./Core/Src/system_stm32f7xx.o
                0x0000000008000ea8                SystemInit
 .text.Reset_Handler
                0x0000000008000ecc       0x50 ./Core/Startup/startup_stm32f767zitx.o
                0x0000000008000ecc                Reset_Handler
 .text.Default_Handler
                0x0000000008000f1c        0x2 ./Core/Startup/startup_stm32f767zitx.o
                0x0000000008000f1c                DMA1_Stream3_IRQHandler
                0x0000000008000f1c                EXTI2_IRQHandler
                0x0000000008000f1c                TIM8_CC_IRQHandler
                0x0000000008000f1c                UART8_IRQHandler
                0x0000000008000f1c                SPI4_IRQHandler
                0x0000000008000f1c                TIM1_CC_IRQHandler
                0x0000000008000f1c                DMA2_Stream5_IRQHandler
                0x0000000008000f1c                JPEG_IRQHandler
                0x0000000008000f1c                DMA1_Stream5_IRQHandler
                0x0000000008000f1c                CAN3_RX1_IRQHandler
                0x0000000008000f1c                PVD_IRQHandler
                0x0000000008000f1c                TAMP_STAMP_IRQHandler
                0x0000000008000f1c                CAN2_RX1_IRQHandler
                0x0000000008000f1c                EXTI3_IRQHandler
                0x0000000008000f1c                TIM8_TRG_COM_TIM14_IRQHandler
                0x0000000008000f1c                DFSDM1_FLT1_IRQHandler
                0x0000000008000f1c                TIM1_UP_TIM10_IRQHandler
                0x0000000008000f1c                TIM8_UP_TIM13_IRQHandler
                0x0000000008000f1c                I2C3_ER_IRQHandler
                0x0000000008000f1c                DFSDM1_FLT2_IRQHandler
                0x0000000008000f1c                EXTI0_IRQHandler
                0x0000000008000f1c                I2C2_EV_IRQHandler
                0x0000000008000f1c                DMA1_Stream2_IRQHandler
                0x0000000008000f1c                CAN1_RX0_IRQHandler
                0x0000000008000f1c                FPU_IRQHandler
                0x0000000008000f1c                OTG_HS_WKUP_IRQHandler
                0x0000000008000f1c                CAN3_SCE_IRQHandler
                0x0000000008000f1c                LTDC_ER_IRQHandler
                0x0000000008000f1c                CAN2_SCE_IRQHandler
                0x0000000008000f1c                DMA2_Stream2_IRQHandler
                0x0000000008000f1c                SPI1_IRQHandler
                0x0000000008000f1c                TIM6_DAC_IRQHandler
                0x0000000008000f1c                TIM1_BRK_TIM9_IRQHandler
                0x0000000008000f1c                DCMI_IRQHandler
                0x0000000008000f1c                CAN2_RX0_IRQHandler
                0x0000000008000f1c                DMA2_Stream3_IRQHandler
                0x0000000008000f1c                SAI2_IRQHandler
                0x0000000008000f1c                DFSDM1_FLT3_IRQHandler
                0x0000000008000f1c                USART6_IRQHandler
                0x0000000008000f1c                CAN3_RX0_IRQHandler
                0x0000000008000f1c                CAN1_RX1_IRQHandler
                0x0000000008000f1c                UART5_IRQHandler
                0x0000000008000f1c                DMA2_Stream0_IRQHandler
                0x0000000008000f1c                TIM4_IRQHandler
                0x0000000008000f1c                QUADSPI_IRQHandler
                0x0000000008000f1c                I2C1_EV_IRQHandler
                0x0000000008000f1c                DMA1_Stream6_IRQHandler
                0x0000000008000f1c                DMA1_Stream1_IRQHandler
                0x0000000008000f1c                UART4_IRQHandler
                0x0000000008000f1c                TIM3_IRQHandler
                0x0000000008000f1c                RCC_IRQHandler
                0x0000000008000f1c                TIM8_BRK_TIM12_IRQHandler
                0x0000000008000f1c                Default_Handler
                0x0000000008000f1c                CEC_IRQHandler
                0x0000000008000f1c                ADC_IRQHandler
                0x0000000008000f1c                DMA1_Stream7_IRQHandler
                0x0000000008000f1c                SPI5_IRQHandler
                0x0000000008000f1c                TIM7_IRQHandler
                0x0000000008000f1c                SDMMC1_IRQHandler
                0x0000000008000f1c                CAN2_TX_IRQHandler
                0x0000000008000f1c                TIM5_IRQHandler
                0x0000000008000f1c                DMA2_Stream7_IRQHandler
                0x0000000008000f1c                I2C3_EV_IRQHandler
                0x0000000008000f1c                EXTI9_5_IRQHandler
                0x0000000008000f1c                RTC_WKUP_IRQHandler
                0x0000000008000f1c                LTDC_IRQHandler
                0x0000000008000f1c                ETH_WKUP_IRQHandler
                0x0000000008000f1c                SPDIF_RX_IRQHandler
                0x0000000008000f1c                SPI2_IRQHandler
                0x0000000008000f1c                OTG_HS_EP1_IN_IRQHandler
                0x0000000008000f1c                DMA1_Stream0_IRQHandler
                0x0000000008000f1c                CAN1_TX_IRQHandler
                0x0000000008000f1c                EXTI4_IRQHandler
                0x0000000008000f1c                RNG_IRQHandler
                0x0000000008000f1c                ETH_IRQHandler
                0x0000000008000f1c                OTG_HS_EP1_OUT_IRQHandler
                0x0000000008000f1c                WWDG_IRQHandler
                0x0000000008000f1c                SPI6_IRQHandler
                0x0000000008000f1c                MDIOS_IRQHandler
                0x0000000008000f1c                I2C4_EV_IRQHandler
                0x0000000008000f1c                CAN3_TX_IRQHandler
                0x0000000008000f1c                TIM2_IRQHandler
                0x0000000008000f1c                OTG_FS_WKUP_IRQHandler
                0x0000000008000f1c                TIM1_TRG_COM_TIM11_IRQHandler
                0x0000000008000f1c                OTG_HS_IRQHandler
                0x0000000008000f1c                DMA2D_IRQHandler
                0x0000000008000f1c                EXTI1_IRQHandler
                0x0000000008000f1c                SDMMC2_IRQHandler
                0x0000000008000f1c                UART7_IRQHandler
                0x0000000008000f1c                DFSDM1_FLT0_IRQHandler
                0x0000000008000f1c                I2C2_ER_IRQHandler
                0x0000000008000f1c                DMA2_Stream1_IRQHandler
                0x0000000008000f1c                CAN1_SCE_IRQHandler
                0x0000000008000f1c                FLASH_IRQHandler
                0x0000000008000f1c                DMA2_Stream4_IRQHandler
                0x0000000008000f1c                USART1_IRQHandler
                0x0000000008000f1c                OTG_FS_IRQHandler
                0x0000000008000f1c                SPI3_IRQHandler
                0x0000000008000f1c                DMA1_Stream4_IRQHandler
                0x0000000008000f1c                I2C1_ER_IRQHandler
                0x0000000008000f1c                FMC_IRQHandler
                0x0000000008000f1c                LPTIM1_IRQHandler
                0x0000000008000f1c                I2C4_ER_IRQHandler
                0x0000000008000f1c                DMA2_Stream6_IRQHandler
                0x0000000008000f1c                SAI1_IRQHandler
                0x0000000008000f1c                RTC_Alarm_IRQHandler
 .text.HAL_Init
                0x0000000008000f1e       0x1a ./Drivers/STM32F7xx_HAL_Driver/Src/stm32f7xx_hal.o
                0x0000000008000f1e                HAL_Init
 .text.HAL_InitTick
                0x0000000008000f38       0x60 ./Drivers/STM32F7xx_HAL_Driver/Src/stm32f7xx_hal.o
                0x0000000008000f38                HAL_InitTick
 .text.HAL_IncTick
                0x0000000008000f98       0x28 ./Drivers/STM32F7xx_HAL_Driver/Src/stm32f7xx_hal.o
                0x0000000008000f98                HAL_IncTick
 .text.HAL_GetTick
                0x0000000008000fc0       0x18 ./Drivers/STM32F7xx_HAL_Driver/Src/stm32f7xx_hal.o
                0x0000000008000fc0                HAL_GetTick
 .text.HAL_Delay
                0x0000000008000fd8       0x48 ./Drivers/STM32F7xx_HAL_Driver/Src/stm32f7xx_hal.o
                0x0000000008000fd8                HAL_Delay
 .text.__NVIC_SetPriorityGrouping
                0x0000000008001020       0x48 ./Drivers/STM32F7xx_HAL_Driver/Src/stm32f7xx_hal_cortex.o
 .text.__NVIC_GetPriorityGrouping
                0x0000000008001068       0x1c ./Drivers/STM32F7xx_HAL_Driver/Src/stm32f7xx_hal_cortex.o
 .text.__NVIC_EnableIRQ
                0x0000000008001084       0x3c ./Drivers/STM32F7xx_HAL_Driver/Src/stm32f7xx_hal_cortex.o
 .text.__NVIC_SetPriority
                0x00000000080010c0       0x54 ./Drivers/STM32F7xx_HAL_Driver/Src/stm32f7xx_hal_cortex.o
 .text.NVIC_EncodePriority
                0x0000000008001114       0x66 ./Drivers/STM32F7xx_HAL_Driver/Src/stm32f7xx_hal_cortex.o
 *fill*         0x000000000800117a        0x2 
 .text.SysTick_Config
                0x000000000800117c       0x44 ./Drivers/STM32F7xx_HAL_Driver/Src/stm32f7xx_hal_cortex.o
 .text.HAL_NVIC_SetPriorityGrouping
                0x00000000080011c0       0x16 ./Drivers/STM32F7xx_HAL_Driver/Src/stm32f7xx_hal_cortex.o
                0x00000000080011c0                HAL_NVIC_SetPriorityGrouping
 .text.HAL_NVIC_SetPriority
                0x00000000080011d6       0x38 ./Drivers/STM32F7xx_HAL_Driver/Src/stm32f7xx_hal_cortex.o
                0x00000000080011d6                HAL_NVIC_SetPriority
 .text.HAL_NVIC_EnableIRQ
                0x000000000800120e       0x1c ./Drivers/STM32F7xx_HAL_Driver/Src/stm32f7xx_hal_cortex.o
                0x000000000800120e                HAL_NVIC_EnableIRQ
 .text.HAL_SYSTICK_Config
                0x000000000800122a       0x18 ./Drivers/STM32F7xx_HAL_Driver/Src/stm32f7xx_hal_cortex.o
                0x000000000800122a                HAL_SYSTICK_Config
 .text.HAL_DMA_Abort
                0x0000000008001242       0xe0 ./Drivers/STM32F7xx_HAL_Driver/Src/stm32f7xx_hal_dma.o
                0x0000000008001242                HAL_DMA_Abort
 .text.HAL_DMA_Abort_IT
                0x0000000008001322       0x44 ./Drivers/STM32F7xx_HAL_Driver/Src/stm32f7xx_hal_dma.o
                0x0000000008001322                HAL_DMA_Abort_IT
 *fill*         0x0000000008001366        0x2 
 .text.HAL_GPIO_Init
                0x0000000008001368      0x358 ./Drivers/STM32F7xx_HAL_Driver/Src/stm32f7xx_hal_gpio.o
                0x0000000008001368                HAL_GPIO_Init
 .text.HAL_GPIO_EXTI_IRQHandler
                0x00000000080016c0       0x30 ./Drivers/STM32F7xx_HAL_Driver/Src/stm32f7xx_hal_gpio.o
                0x00000000080016c0                HAL_GPIO_EXTI_IRQHandler
 .text.HAL_RCC_OscConfig
                0x00000000080016f0      0x55c ./Drivers/STM32F7xx_HAL_Driver/Src/stm32f7xx_hal_rcc.o
                0x00000000080016f0                HAL_RCC_OscConfig
 .text.HAL_RCC_ClockConfig
                0x0000000008001c4c      0x1d8 ./Drivers/STM32F7xx_HAL_Driver/Src/stm32f7xx_hal_rcc.o
                0x0000000008001c4c                HAL_RCC_ClockConfig
 .text.HAL_RCC_GetSysClockFreq
                0x0000000008001e24      0x18c ./Drivers/STM32F7xx_HAL_Driver/Src/stm32f7xx_hal_rcc.o
                0x0000000008001e24                HAL_RCC_GetSysClockFreq
 .text.HAL_RCC_GetHCLKFreq
                0x0000000008001fb0       0x18 ./Drivers/STM32F7xx_HAL_Driver/Src/stm32f7xx_hal_rcc.o
                0x0000000008001fb0                HAL_RCC_GetHCLKFreq
 .text.HAL_RCC_GetPCLK1Freq
                0x0000000008001fc8       0x28 ./Drivers/STM32F7xx_HAL_Driver/Src/stm32f7xx_hal_rcc.o
                0x0000000008001fc8                HAL_RCC_GetPCLK1Freq
 .text.HAL_RCC_GetPCLK2Freq
                0x0000000008001ff0       0x28 ./Drivers/STM32F7xx_HAL_Driver/Src/stm32f7xx_hal_rcc.o
                0x0000000008001ff0                HAL_RCC_GetPCLK2Freq
 .text.HAL_RCCEx_PeriphCLKConfig
                0x0000000008002018      0x850 ./Drivers/STM32F7xx_HAL_Driver/Src/stm32f7xx_hal_rcc_ex.o
                0x0000000008002018                HAL_RCCEx_PeriphCLKConfig
 .text.HAL_UART_Init
                0x0000000008002868       0x9c ./Drivers/STM32F7xx_HAL_Driver/Src/stm32f7xx_hal_uart.o
                0x0000000008002868                HAL_UART_Init
 .text.HAL_UART_Transmit
                0x0000000008002904      0x106 ./Drivers/STM32F7xx_HAL_Driver/Src/stm32f7xx_hal_uart.o
                0x0000000008002904                HAL_UART_Transmit
 .text.HAL_UART_Receive
                0x0000000008002a0a      0x188 ./Drivers/STM32F7xx_HAL_Driver/Src/stm32f7xx_hal_uart.o
                0x0000000008002a0a                HAL_UART_Receive
 .text.HAL_UART_Receive_IT
                0x0000000008002b92       0x88 ./Drivers/STM32F7xx_HAL_Driver/Src/stm32f7xx_hal_uart.o
                0x0000000008002b92                HAL_UART_Receive_IT
 *fill*         0x0000000008002c1a        0x2 
 .text.HAL_UART_IRQHandler
                0x0000000008002c1c      0x5d0 ./Drivers/STM32F7xx_HAL_Driver/Src/stm32f7xx_hal_uart.o
                0x0000000008002c1c                HAL_UART_IRQHandler
 .text.HAL_UART_TxCpltCallback
                0x00000000080031ec       0x14 ./Drivers/STM32F7xx_HAL_Driver/Src/stm32f7xx_hal_uart.o
                0x00000000080031ec                HAL_UART_TxCpltCallback
 .text.HAL_UART_ErrorCallback
                0x0000000008003200       0x14 ./Drivers/STM32F7xx_HAL_Driver/Src/stm32f7xx_hal_uart.o
                0x0000000008003200                HAL_UART_ErrorCallback
 .text.HAL_UARTEx_RxEventCallback
                0x0000000008003214       0x18 ./Drivers/STM32F7xx_HAL_Driver/Src/stm32f7xx_hal_uart.o
                0x0000000008003214                HAL_UARTEx_RxEventCallback
 .text.HAL_UARTEx_WakeupCallback
                0x000000000800322c       0x14 ./Drivers/STM32F7xx_HAL_Driver/Src/stm32f7xx_hal_uart.o
                0x000000000800322c                HAL_UARTEx_WakeupCallback
 .text.UART_SetConfig
                0x0000000008003240      0x4c8 ./Drivers/STM32F7xx_HAL_Driver/Src/stm32f7xx_hal_uart.o
                0x0000000008003240                UART_SetConfig
 .text.UART_AdvFeatureConfig
                0x0000000008003708      0x144 ./Drivers/STM32F7xx_HAL_Driver/Src/stm32f7xx_hal_uart.o
                0x0000000008003708                UART_AdvFeatureConfig
 .text.UART_CheckIdleState
                0x000000000800384c       0x9a ./Drivers/STM32F7xx_HAL_Driver/Src/stm32f7xx_hal_uart.o
                0x000000000800384c                UART_CheckIdleState
 .text.UART_WaitOnFlagUntilTimeout
                0x00000000080038e6      0x18c ./Drivers/STM32F7xx_HAL_Driver/Src/stm32f7xx_hal_uart.o
                0x00000000080038e6                UART_WaitOnFlagUntilTimeout
 *fill*         0x0000000008003a72        0x2 
 .text.UART_Start_Receive_IT
                0x0000000008003a74      0x18c ./Drivers/STM32F7xx_HAL_Driver/Src/stm32f7xx_hal_uart.o
                0x0000000008003a74                UART_Start_Receive_IT
 .text.UART_EndRxTransfer
                0x0000000008003c00       0xc8 ./Drivers/STM32F7xx_HAL_Driver/Src/stm32f7xx_hal_uart.o
 .text.UART_DMAAbortOnError
                0x0000000008003cc8       0x2c ./Drivers/STM32F7xx_HAL_Driver/Src/stm32f7xx_hal_uart.o
 .text.UART_EndTransmit_IT
                0x0000000008003cf4       0x54 ./Drivers/STM32F7xx_HAL_Driver/Src/stm32f7xx_hal_uart.o
 .text.UART_RxISR_8BIT
                0x0000000008003d48      0x166 ./Drivers/STM32F7xx_HAL_Driver/Src/stm32f7xx_hal_uart.o
 .text.UART_RxISR_16BIT
                0x0000000008003eae      0x166 ./Drivers/STM32F7xx_HAL_Driver/Src/stm32f7xx_hal_uart.o
 .text.memset   0x0000000008004014       0x10 /Applications/STM32CubeIDE.app/Contents/Eclipse/plugins/com.st.stm32cube.ide.mcu.externaltools.gnu-tools-for-stm32.11.3.rel1.macos64_1.1.0.202305231506/tools/bin/../lib/gcc/arm-none-eabi/11.3.1/../../../../arm-none-eabi/lib/thumb/v7e-m+dp/hard/libc_nano.a(libc_a-memset.o)
                0x0000000008004014                memset
 .text.__libc_init_array
                0x0000000008004024       0x48 /Applications/STM32CubeIDE.app/Contents/Eclipse/plugins/com.st.stm32cube.ide.mcu.externaltools.gnu-tools-for-stm32.11.3.rel1.macos64_1.1.0.202305231506/tools/bin/../lib/gcc/arm-none-eabi/11.3.1/../../../../arm-none-eabi/lib/thumb/v7e-m+dp/hard/libc_nano.a(libc_a-init.o)
                0x0000000008004024                __libc_init_array
 *(.glue_7)
 .glue_7        0x000000000800406c        0x0 linker stubs
 *(.glue_7t)
 .glue_7t       0x000000000800406c        0x0 linker stubs
 *(.eh_frame)
 .eh_frame      0x000000000800406c        0x0 /Applications/STM32CubeIDE.app/Contents/Eclipse/plugins/com.st.stm32cube.ide.mcu.externaltools.gnu-tools-for-stm32.11.3.rel1.macos64_1.1.0.202305231506/tools/bin/../lib/gcc/arm-none-eabi/11.3.1/thumb/v7e-m+dp/hard/crtbegin.o
 *(.init)
 .init          0x000000000800406c        0x4 /Applications/STM32CubeIDE.app/Contents/Eclipse/plugins/com.st.stm32cube.ide.mcu.externaltools.gnu-tools-for-stm32.11.3.rel1.macos64_1.1.0.202305231506/tools/bin/../lib/gcc/arm-none-eabi/11.3.1/thumb/v7e-m+dp/hard/crti.o
                0x000000000800406c                _init
 .init          0x0000000008004070        0x8 /Applications/STM32CubeIDE.app/Contents/Eclipse/plugins/com.st.stm32cube.ide.mcu.externaltools.gnu-tools-for-stm32.11.3.rel1.macos64_1.1.0.202305231506/tools/bin/../lib/gcc/arm-none-eabi/11.3.1/thumb/v7e-m+dp/hard/crtn.o
 *(.fini)
 .fini          0x0000000008004078        0x4 /Applications/STM32CubeIDE.app/Contents/Eclipse/plugins/com.st.stm32cube.ide.mcu.externaltools.gnu-tools-for-stm32.11.3.rel1.macos64_1.1.0.202305231506/tools/bin/../lib/gcc/arm-none-eabi/11.3.1/thumb/v7e-m+dp/hard/crti.o
                0x0000000008004078                _fini
 .fini          0x000000000800407c        0x8 /Applications/STM32CubeIDE.app/Contents/Eclipse/plugins/com.st.stm32cube.ide.mcu.externaltools.gnu-tools-for-stm32.11.3.rel1.macos64_1.1.0.202305231506/tools/bin/../lib/gcc/arm-none-eabi/11.3.1/thumb/v7e-m+dp/hard/crtn.o
                0x0000000008004084                . = ALIGN (0x4)
                0x0000000008004084                _etext = .

.vfp11_veneer   0x0000000008004084        0x0
 .vfp11_veneer  0x0000000008004084        0x0 linker stubs

.v4_bx          0x0000000008004084        0x0
 .v4_bx         0x0000000008004084        0x0 linker stubs

.iplt           0x0000000008004084        0x0
 .iplt          0x0000000008004084        0x0 /Applications/STM32CubeIDE.app/Contents/Eclipse/plugins/com.st.stm32cube.ide.mcu.externaltools.gnu-tools-for-stm32.11.3.rel1.macos64_1.1.0.202305231506/tools/bin/../lib/gcc/arm-none-eabi/11.3.1/thumb/v7e-m+dp/hard/crtbegin.o

.rodata         0x0000000008004084       0xa8
                0x0000000008004084                . = ALIGN (0x4)
 *(.rodata)
 .rodata        0x0000000008004084       0x8e ./Core/Src/main.o
 *(.rodata*)
 *fill*         0x0000000008004112        0x2 
 .rodata.AHBPrescTable
                0x0000000008004114       0x10 ./Core/Src/system_stm32f7xx.o
                0x0000000008004114                AHBPrescTable
 .rodata.APBPrescTable
                0x0000000008004124        0x8 ./Core/Src/system_stm32f7xx.o
                0x0000000008004124                APBPrescTable
                0x000000000800412c                . = ALIGN (0x4)

.ARM.extab      0x000000000800412c        0x0
                0x000000000800412c                . = ALIGN (0x4)
 *(.ARM.extab* .gnu.linkonce.armextab.*)
                0x000000000800412c                . = ALIGN (0x4)

.ARM            0x000000000800412c        0x8
                0x000000000800412c                . = ALIGN (0x4)
                0x000000000800412c                __exidx_start = .
 *(.ARM.exidx*)
 .ARM.exidx     0x000000000800412c        0x8 /Applications/STM32CubeIDE.app/Contents/Eclipse/plugins/com.st.stm32cube.ide.mcu.externaltools.gnu-tools-for-stm32.11.3.rel1.macos64_1.1.0.202305231506/tools/bin/../lib/gcc/arm-none-eabi/11.3.1/thumb/v7e-m+dp/hard/libgcc.a(_udivmoddi4.o)
                0x0000000008004134                __exidx_end = .
                0x0000000008004134                . = ALIGN (0x4)

.rel.dyn        0x0000000008004134        0x0
 .rel.iplt      0x0000000008004134        0x0 /Applications/STM32CubeIDE.app/Contents/Eclipse/plugins/com.st.stm32cube.ide.mcu.externaltools.gnu-tools-for-stm32.11.3.rel1.macos64_1.1.0.202305231506/tools/bin/../lib/gcc/arm-none-eabi/11.3.1/thumb/v7e-m+dp/hard/crtbegin.o

.preinit_array  0x0000000008004134        0x0
                0x0000000008004134                . = ALIGN (0x4)
                0x0000000008004134                PROVIDE (__preinit_array_start = .)
 *(.preinit_array*)
                0x0000000008004134                PROVIDE (__preinit_array_end = .)
                0x0000000008004134                . = ALIGN (0x4)

.init_array     0x0000000008004134        0x4
                0x0000000008004134                . = ALIGN (0x4)
                0x0000000008004134                PROVIDE (__init_array_start = .)
 *(SORT_BY_NAME(.init_array.*))
 *(.init_array*)
 .init_array    0x0000000008004134        0x4 /Applications/STM32CubeIDE.app/Contents/Eclipse/plugins/com.st.stm32cube.ide.mcu.externaltools.gnu-tools-for-stm32.11.3.rel1.macos64_1.1.0.202305231506/tools/bin/../lib/gcc/arm-none-eabi/11.3.1/thumb/v7e-m+dp/hard/crtbegin.o
                0x0000000008004138                PROVIDE (__init_array_end = .)
                0x0000000008004138                . = ALIGN (0x4)

.fini_array     0x0000000008004138        0x4
                0x0000000008004138                . = ALIGN (0x4)
                [!provide]                        PROVIDE (__fini_array_start = .)
 *(SORT_BY_NAME(.fini_array.*))
 *(.fini_array*)
 .fini_array    0x0000000008004138        0x4 /Applications/STM32CubeIDE.app/Contents/Eclipse/plugins/com.st.stm32cube.ide.mcu.externaltools.gnu-tools-for-stm32.11.3.rel1.macos64_1.1.0.202305231506/tools/bin/../lib/gcc/arm-none-eabi/11.3.1/thumb/v7e-m+dp/hard/crtbegin.o
                [!provide]                        PROVIDE (__fini_array_end = .)
                0x000000000800413c                . = ALIGN (0x4)
                0x000000000800413c                _sidata = LOADADDR (.data)

.data           0x0000000020000000       0x10 load address 0x000000000800413c
                0x0000000020000000                . = ALIGN (0x4)
                0x0000000020000000                _sdata = .
 *(.data)
 *(.data*)
 .data.newline  0x0000000020000000        0x3 ./Core/Src/main.o
                0x0000000020000000                newline
 *fill*         0x0000000020000003        0x1 
 .data.SystemCoreClock
                0x0000000020000004        0x4 ./Core/Src/system_stm32f7xx.o
                0x0000000020000004                SystemCoreClock
 .data.uwTickPrio
                0x0000000020000008        0x4 ./Drivers/STM32F7xx_HAL_Driver/Src/stm32f7xx_hal.o
                0x0000000020000008                uwTickPrio
 .data.uwTickFreq
                0x000000002000000c        0x1 ./Drivers/STM32F7xx_HAL_Driver/Src/stm32f7xx_hal.o
                0x000000002000000c                uwTickFreq
 *(.RamFunc)
 *(.RamFunc*)
                0x0000000020000010                . = ALIGN (0x4)
 *fill*         0x000000002000000d        0x3 
                0x0000000020000010                _edata = .

.igot.plt       0x0000000020000010        0x0 load address 0x000000000800414c
 .igot.plt      0x0000000020000010        0x0 /Applications/STM32CubeIDE.app/Contents/Eclipse/plugins/com.st.stm32cube.ide.mcu.externaltools.gnu-tools-for-stm32.11.3.rel1.macos64_1.1.0.202305231506/tools/bin/../lib/gcc/arm-none-eabi/11.3.1/thumb/v7e-m+dp/hard/crtbegin.o
                0x0000000020000010                . = ALIGN (0x4)

.bss            0x0000000020000010      0x26c load address 0x000000000800414c
                0x0000000020000010                _sbss = .
                0x0000000020000010                __bss_start__ = _sbss
 *(.bss)
 .bss           0x0000000020000010       0x1c /Applications/STM32CubeIDE.app/Contents/Eclipse/plugins/com.st.stm32cube.ide.mcu.externaltools.gnu-tools-for-stm32.11.3.rel1.macos64_1.1.0.202305231506/tools/bin/../lib/gcc/arm-none-eabi/11.3.1/thumb/v7e-m+dp/hard/crtbegin.o
 *(.bss*)
 .bss.huart2    0x000000002000002c       0x88 ./Core/Src/main.o
                0x000000002000002c                huart2
 .bss.huart3    0x00000000200000b4       0x88 ./Core/Src/main.o
                0x00000000200000b4                huart3
 .bss.name      0x000000002000013c       0x64 ./Core/Src/main.o
                0x000000002000013c                name
 .bss.sendbuffer
                0x00000000200001a0       0x64 ./Core/Src/main.o
                0x00000000200001a0                sendbuffer
 .bss.recievebuffer
                0x0000000020000204       0x64 ./Core/Src/main.o
                0x0000000020000204                recievebuffer
 .bss.state     0x0000000020000268        0x1 ./Core/Src/main.o
                0x0000000020000268                state
 .bss.ch        0x0000000020000269        0x1 ./Core/Src/main.o
                0x0000000020000269                ch
 .bss.readytosend
                0x000000002000026a        0x1 ./Core/Src/main.o
                0x000000002000026a                readytosend
 .bss.firstTime
                0x000000002000026b        0x1 ./Core/Src/main.o
                0x000000002000026b                firstTime
 .bss.checkRe   0x000000002000026c        0x1 ./Core/Src/main.o
                0x000000002000026c                checkRe
 *fill*         0x000000002000026d        0x3 
 .bss.idx       0x0000000020000270        0x4 ./Core/Src/main.o
                0x0000000020000270                idx
 .bss.idxbuffer
                0x0000000020000274        0x4 ./Core/Src/main.o
                0x0000000020000274                idxbuffer
 .bss.uwTick    0x0000000020000278        0x4 ./Drivers/STM32F7xx_HAL_Driver/Src/stm32f7xx_hal.o
                0x0000000020000278                uwTick
 *(COMMON)
                0x000000002000027c                . = ALIGN (0x4)
                0x000000002000027c                _ebss = .
                0x000000002000027c                __bss_end__ = _ebss

._user_heap_stack
                0x000000002000027c      0x604 load address 0x000000000800414c
                0x0000000020000280                . = ALIGN (0x8)
 *fill*         0x000000002000027c        0x4 
                [!provide]                        PROVIDE (end = .)
                0x0000000020000280                PROVIDE (_end = .)
                0x0000000020000480                . = (. + _Min_Heap_Size)
 *fill*         0x0000000020000280      0x200 
                0x0000000020000880                . = (. + _Min_Stack_Size)
 *fill*         0x0000000020000480      0x400 
                0x0000000020000880                . = ALIGN (0x8)

/DISCARD/
 libc.a(*)
 libm.a(*)
 libgcc.a(*)

.ARM.attributes
                0x0000000000000000       0x2e
 *(.ARM.attributes)
 .ARM.attributes
                0x0000000000000000       0x1e /Applications/STM32CubeIDE.app/Contents/Eclipse/plugins/com.st.stm32cube.ide.mcu.externaltools.gnu-tools-for-stm32.11.3.rel1.macos64_1.1.0.202305231506/tools/bin/../lib/gcc/arm-none-eabi/11.3.1/thumb/v7e-m+dp/hard/crti.o
 .ARM.attributes
                0x000000000000001e       0x32 /Applications/STM32CubeIDE.app/Contents/Eclipse/plugins/com.st.stm32cube.ide.mcu.externaltools.gnu-tools-for-stm32.11.3.rel1.macos64_1.1.0.202305231506/tools/bin/../lib/gcc/arm-none-eabi/11.3.1/thumb/v7e-m+dp/hard/crtbegin.o
 .ARM.attributes
                0x0000000000000050       0x32 ./Core/Src/main.o
 .ARM.attributes
                0x0000000000000082       0x32 ./Core/Src/stm32f7xx_hal_msp.o
 .ARM.attributes
                0x00000000000000b4       0x32 ./Core/Src/stm32f7xx_it.o
 .ARM.attributes
                0x00000000000000e6       0x32 ./Core/Src/system_stm32f7xx.o
 .ARM.attributes
                0x0000000000000118       0x21 ./Core/Startup/startup_stm32f767zitx.o
 .ARM.attributes
                0x0000000000000139       0x32 ./Drivers/STM32F7xx_HAL_Driver/Src/stm32f7xx_hal.o
 .ARM.attributes
                0x000000000000016b       0x32 ./Drivers/STM32F7xx_HAL_Driver/Src/stm32f7xx_hal_cortex.o
 .ARM.attributes
                0x000000000000019d       0x32 ./Drivers/STM32F7xx_HAL_Driver/Src/stm32f7xx_hal_dma.o
 .ARM.attributes
                0x00000000000001cf       0x32 ./Drivers/STM32F7xx_HAL_Driver/Src/stm32f7xx_hal_gpio.o
 .ARM.attributes
                0x0000000000000201       0x32 ./Drivers/STM32F7xx_HAL_Driver/Src/stm32f7xx_hal_rcc.o
 .ARM.attributes
                0x0000000000000233       0x32 ./Drivers/STM32F7xx_HAL_Driver/Src/stm32f7xx_hal_rcc_ex.o
 .ARM.attributes
                0x0000000000000265       0x32 ./Drivers/STM32F7xx_HAL_Driver/Src/stm32f7xx_hal_uart.o
 .ARM.attributes
                0x0000000000000297       0x32 /Applications/STM32CubeIDE.app/Contents/Eclipse/plugins/com.st.stm32cube.ide.mcu.externaltools.gnu-tools-for-stm32.11.3.rel1.macos64_1.1.0.202305231506/tools/bin/../lib/gcc/arm-none-eabi/11.3.1/../../../../arm-none-eabi/lib/thumb/v7e-m+dp/hard/libc_nano.a(libc_a-memset.o)
 .ARM.attributes
                0x00000000000002c9       0x32 /Applications/STM32CubeIDE.app/Contents/Eclipse/plugins/com.st.stm32cube.ide.mcu.externaltools.gnu-tools-for-stm32.11.3.rel1.macos64_1.1.0.202305231506/tools/bin/../lib/gcc/arm-none-eabi/11.3.1/../../../../arm-none-eabi/lib/thumb/v7e-m+dp/hard/libc_nano.a(libc_a-init.o)
 .ARM.attributes
                0x00000000000002fb       0x17 /Applications/STM32CubeIDE.app/Contents/Eclipse/plugins/com.st.stm32cube.ide.mcu.externaltools.gnu-tools-for-stm32.11.3.rel1.macos64_1.1.0.202305231506/tools/bin/../lib/gcc/arm-none-eabi/11.3.1/../../../../arm-none-eabi/lib/thumb/v7e-m+dp/hard/libc_nano.a(libc_a-strlen.o)
 .ARM.attributes
                0x0000000000000312       0x1e /Applications/STM32CubeIDE.app/Contents/Eclipse/plugins/com.st.stm32cube.ide.mcu.externaltools.gnu-tools-for-stm32.11.3.rel1.macos64_1.1.0.202305231506/tools/bin/../lib/gcc/arm-none-eabi/11.3.1/thumb/v7e-m+dp/hard/libgcc.a(_aeabi_uldivmod.o)
 .ARM.attributes
                0x0000000000000330       0x32 /Applications/STM32CubeIDE.app/Contents/Eclipse/plugins/com.st.stm32cube.ide.mcu.externaltools.gnu-tools-for-stm32.11.3.rel1.macos64_1.1.0.202305231506/tools/bin/../lib/gcc/arm-none-eabi/11.3.1/thumb/v7e-m+dp/hard/libgcc.a(_udivmoddi4.o)
 .ARM.attributes
                0x0000000000000362       0x1e /Applications/STM32CubeIDE.app/Contents/Eclipse/plugins/com.st.stm32cube.ide.mcu.externaltools.gnu-tools-for-stm32.11.3.rel1.macos64_1.1.0.202305231506/tools/bin/../lib/gcc/arm-none-eabi/11.3.1/thumb/v7e-m+dp/hard/libgcc.a(_dvmd_tls.o)
 .ARM.attributes
                0x0000000000000380       0x1e /Applications/STM32CubeIDE.app/Contents/Eclipse/plugins/com.st.stm32cube.ide.mcu.externaltools.gnu-tools-for-stm32.11.3.rel1.macos64_1.1.0.202305231506/tools/bin/../lib/gcc/arm-none-eabi/11.3.1/thumb/v7e-m+dp/hard/crtn.o
OUTPUT(Speacial_Lab4.elf elf32-littlearm)
LOAD linker stubs
LOAD /Applications/STM32CubeIDE.app/Contents/Eclipse/plugins/com.st.stm32cube.ide.mcu.externaltools.gnu-tools-for-stm32.11.3.rel1.macos64_1.1.0.202305231506/tools/bin/../lib/gcc/arm-none-eabi/11.3.1/../../../../arm-none-eabi/lib/thumb/v7e-m+dp/hard/libc.a
LOAD /Applications/STM32CubeIDE.app/Contents/Eclipse/plugins/com.st.stm32cube.ide.mcu.externaltools.gnu-tools-for-stm32.11.3.rel1.macos64_1.1.0.202305231506/tools/bin/../lib/gcc/arm-none-eabi/11.3.1/../../../../arm-none-eabi/lib/thumb/v7e-m+dp/hard/libm.a
LOAD /Applications/STM32CubeIDE.app/Contents/Eclipse/plugins/com.st.stm32cube.ide.mcu.externaltools.gnu-tools-for-stm32.11.3.rel1.macos64_1.1.0.202305231506/tools/bin/../lib/gcc/arm-none-eabi/11.3.1/thumb/v7e-m+dp/hard/libgcc.a

.comment        0x0000000000000000       0x43
 .comment       0x0000000000000000       0x43 /Applications/STM32CubeIDE.app/Contents/Eclipse/plugins/com.st.stm32cube.ide.mcu.externaltools.gnu-tools-for-stm32.11.3.rel1.macos64_1.1.0.202305231506/tools/bin/../lib/gcc/arm-none-eabi/11.3.1/thumb/v7e-m+dp/hard/crtbegin.o
                                         0x44 (size before relaxing)
 .comment       0x0000000000000043       0x44 ./Core/Src/main.o
 .comment       0x0000000000000043       0x44 ./Core/Src/stm32f7xx_hal_msp.o
 .comment       0x0000000000000043       0x44 ./Core/Src/stm32f7xx_it.o
 .comment       0x0000000000000043       0x44 ./Core/Src/system_stm32f7xx.o
 .comment       0x0000000000000043       0x44 ./Drivers/STM32F7xx_HAL_Driver/Src/stm32f7xx_hal.o
 .comment       0x0000000000000043       0x44 ./Drivers/STM32F7xx_HAL_Driver/Src/stm32f7xx_hal_cortex.o
 .comment       0x0000000000000043       0x44 ./Drivers/STM32F7xx_HAL_Driver/Src/stm32f7xx_hal_dma.o
 .comment       0x0000000000000043       0x44 ./Drivers/STM32F7xx_HAL_Driver/Src/stm32f7xx_hal_gpio.o
 .comment       0x0000000000000043       0x44 ./Drivers/STM32F7xx_HAL_Driver/Src/stm32f7xx_hal_rcc.o
 .comment       0x0000000000000043       0x44 ./Drivers/STM32F7xx_HAL_Driver/Src/stm32f7xx_hal_rcc_ex.o
 .comment       0x0000000000000043       0x44 ./Drivers/STM32F7xx_HAL_Driver/Src/stm32f7xx_hal_uart.o

.debug_info     0x0000000000000000     0xa3e5
 .debug_info    0x0000000000000000     0x1175 ./Core/Src/main.o
 .debug_info    0x0000000000001175      0xfd2 ./Core/Src/stm32f7xx_hal_msp.o
 .debug_info    0x0000000000002147      0x758 ./Core/Src/stm32f7xx_it.o
 .debug_info    0x000000000000289f      0x6ed ./Core/Src/system_stm32f7xx.o
 .debug_info    0x0000000000002f8c       0x23 ./Core/Startup/startup_stm32f767zitx.o
 .debug_info    0x0000000000002faf      0xa4c ./Drivers/STM32F7xx_HAL_Driver/Src/stm32f7xx_hal.o
 .debug_info    0x00000000000039fb      0xf8b ./Drivers/STM32F7xx_HAL_Driver/Src/stm32f7xx_hal_cortex.o
 .debug_info    0x0000000000004986      0x8e7 ./Drivers/STM32F7xx_HAL_Driver/Src/stm32f7xx_hal_dma.o
 .debug_info    0x000000000000526d      0x6f3 ./Drivers/STM32F7xx_HAL_Driver/Src/stm32f7xx_hal_gpio.o
 .debug_info    0x0000000000005960      0x937 ./Drivers/STM32F7xx_HAL_Driver/Src/stm32f7xx_hal_rcc.o
 .debug_info    0x0000000000006297      0x6e1 ./Drivers/STM32F7xx_HAL_Driver/Src/stm32f7xx_hal_rcc_ex.o
 .debug_info    0x0000000000006978     0x3a6d ./Drivers/STM32F7xx_HAL_Driver/Src/stm32f7xx_hal_uart.o

.debug_abbrev   0x0000000000000000     0x18ab
 .debug_abbrev  0x0000000000000000      0x2dd ./Core/Src/main.o
 .debug_abbrev  0x00000000000002dd      0x1f5 ./Core/Src/stm32f7xx_hal_msp.o
 .debug_abbrev  0x00000000000004d2      0x18b ./Core/Src/stm32f7xx_it.o
 .debug_abbrev  0x000000000000065d      0x13b ./Core/Src/system_stm32f7xx.o
 .debug_abbrev  0x0000000000000798       0x12 ./Core/Startup/startup_stm32f767zitx.o
 .debug_abbrev  0x00000000000007aa      0x213 ./Drivers/STM32F7xx_HAL_Driver/Src/stm32f7xx_hal.o
 .debug_abbrev  0x00000000000009bd      0x329 ./Drivers/STM32F7xx_HAL_Driver/Src/stm32f7xx_hal_cortex.o
 .debug_abbrev  0x0000000000000ce6      0x264 ./Drivers/STM32F7xx_HAL_Driver/Src/stm32f7xx_hal_dma.o
 .debug_abbrev  0x0000000000000f4a      0x1d4 ./Drivers/STM32F7xx_HAL_Driver/Src/stm32f7xx_hal_gpio.o
 .debug_abbrev  0x000000000000111e      0x2de ./Drivers/STM32F7xx_HAL_Driver/Src/stm32f7xx_hal_rcc.o
 .debug_abbrev  0x00000000000013fc      0x1c9 ./Drivers/STM32F7xx_HAL_Driver/Src/stm32f7xx_hal_rcc_ex.o
 .debug_abbrev  0x00000000000015c5      0x2e6 ./Drivers/STM32F7xx_HAL_Driver/Src/stm32f7xx_hal_uart.o

.debug_aranges  0x0000000000000000      0x768
 .debug_aranges
                0x0000000000000000       0x58 ./Core/Src/main.o
 .debug_aranges
                0x0000000000000058       0x30 ./Core/Src/stm32f7xx_hal_msp.o
 .debug_aranges
                0x0000000000000088       0x78 ./Core/Src/stm32f7xx_it.o
 .debug_aranges
                0x0000000000000100       0x28 ./Core/Src/system_stm32f7xx.o
 .debug_aranges
                0x0000000000000128       0x28 ./Core/Startup/startup_stm32f767zitx.o
 .debug_aranges
                0x0000000000000150      0x110 ./Drivers/STM32F7xx_HAL_Driver/Src/stm32f7xx_hal.o
 .debug_aranges
                0x0000000000000260      0x118 ./Drivers/STM32F7xx_HAL_Driver/Src/stm32f7xx_hal_cortex.o
 .debug_aranges
                0x0000000000000378       0x90 ./Drivers/STM32F7xx_HAL_Driver/Src/stm32f7xx_hal_dma.o
 .debug_aranges
                0x0000000000000408       0x58 ./Drivers/STM32F7xx_HAL_Driver/Src/stm32f7xx_hal_gpio.o
 .debug_aranges
                0x0000000000000460       0x88 ./Drivers/STM32F7xx_HAL_Driver/Src/stm32f7xx_hal_rcc.o
 .debug_aranges
                0x00000000000004e8       0x50 ./Drivers/STM32F7xx_HAL_Driver/Src/stm32f7xx_hal_rcc_ex.o
 .debug_aranges
                0x0000000000000538      0x230 ./Drivers/STM32F7xx_HAL_Driver/Src/stm32f7xx_hal_uart.o

.debug_rnglists
                0x0000000000000000      0x5b0
 .debug_rnglists
                0x0000000000000000       0x41 ./Core/Src/main.o
 .debug_rnglists
                0x0000000000000041       0x20 ./Core/Src/stm32f7xx_hal_msp.o
 .debug_rnglists
                0x0000000000000061       0x55 ./Core/Src/stm32f7xx_it.o
 .debug_rnglists
                0x00000000000000b6       0x1a ./Core/Src/system_stm32f7xx.o
 .debug_rnglists
                0x00000000000000d0       0x19 ./Core/Startup/startup_stm32f767zitx.o
 .debug_rnglists
                0x00000000000000e9       0xc7 ./Drivers/STM32F7xx_HAL_Driver/Src/stm32f7xx_hal.o
 .debug_rnglists
                0x00000000000001b0       0xce ./Drivers/STM32F7xx_HAL_Driver/Src/stm32f7xx_hal_cortex.o
 .debug_rnglists
                0x000000000000027e       0x70 ./Drivers/STM32F7xx_HAL_Driver/Src/stm32f7xx_hal_dma.o
 .debug_rnglists
                0x00000000000002ee       0x3f ./Drivers/STM32F7xx_HAL_Driver/Src/stm32f7xx_hal_gpio.o
 .debug_rnglists
                0x000000000000032d       0x67 ./Drivers/STM32F7xx_HAL_Driver/Src/stm32f7xx_hal_rcc.o
 .debug_rnglists
                0x0000000000000394       0x3c ./Drivers/STM32F7xx_HAL_Driver/Src/stm32f7xx_hal_rcc_ex.o
 .debug_rnglists
                0x00000000000003d0      0x1e0 ./Drivers/STM32F7xx_HAL_Driver/Src/stm32f7xx_hal_uart.o

.debug_macro    0x0000000000000000    0x266bd
 .debug_macro   0x0000000000000000      0x2a7 ./Core/Src/main.o
 .debug_macro   0x00000000000002a7      0xac0 ./Core/Src/main.o
 .debug_macro   0x0000000000000d67      0x28d ./Core/Src/main.o
 .debug_macro   0x0000000000000ff4       0x2e ./Core/Src/main.o
 .debug_macro   0x0000000000001022       0x3b ./Core/Src/main.o
 .debug_macro   0x000000000000105d       0x22 ./Core/Src/main.o
 .debug_macro   0x000000000000107f       0x8e ./Core/Src/main.o
 .debug_macro   0x000000000000110d       0x51 ./Core/Src/main.o
 .debug_macro   0x000000000000115e      0x103 ./Core/Src/main.o
 .debug_macro   0x0000000000001261       0x6a ./Core/Src/main.o
 .debug_macro   0x00000000000012cb      0x1df ./Core/Src/main.o
 .debug_macro   0x00000000000014aa       0x1c ./Core/Src/main.o
 .debug_macro   0x00000000000014c6       0x22 ./Core/Src/main.o
 .debug_macro   0x00000000000014e8       0xd9 ./Core/Src/main.o
 .debug_macro   0x00000000000015c1     0x12cd ./Core/Src/main.o
 .debug_macro   0x000000000000288e      0x11f ./Core/Src/main.o
 .debug_macro   0x00000000000029ad       0x19 ./Core/Src/main.o
 .debug_macro   0x00000000000029c6    0x1aa0d ./Core/Src/main.o
 .debug_macro   0x000000000001d3d3       0x6d ./Core/Src/main.o
 .debug_macro   0x000000000001d440     0x3749 ./Core/Src/main.o
 .debug_macro   0x0000000000020b89      0x174 ./Core/Src/main.o
 .debug_macro   0x0000000000020cfd       0x63 ./Core/Src/main.o
 .debug_macro   0x0000000000020d60     0x1add ./Core/Src/main.o
 .debug_macro   0x000000000002283d      0x6c4 ./Core/Src/main.o
 .debug_macro   0x0000000000022f01      0x18b ./Core/Src/main.o
 .debug_macro   0x000000000002308c      0x115 ./Core/Src/main.o
 .debug_macro   0x00000000000231a1      0x26e ./Core/Src/main.o
 .debug_macro   0x000000000002340f       0xa5 ./Core/Src/main.o
 .debug_macro   0x00000000000234b4      0x24f ./Core/Src/main.o
 .debug_macro   0x0000000000023703       0x71 ./Core/Src/main.o
 .debug_macro   0x0000000000023774       0x58 ./Core/Src/main.o
 .debug_macro   0x00000000000237cc      0x236 ./Core/Src/main.o
 .debug_macro   0x0000000000023a02      0x14e ./Core/Src/main.o
 .debug_macro   0x0000000000023b50      0x3db ./Core/Src/main.o
 .debug_macro   0x0000000000023f2b       0x12 ./Core/Src/main.o
 .debug_macro   0x0000000000023f3d      0x22c ./Core/Src/main.o
 .debug_macro   0x0000000000024169       0x61 ./Core/Src/main.o
 .debug_macro   0x00000000000241ca       0xa5 ./Core/Src/main.o
 .debug_macro   0x000000000002426f      0x12e ./Core/Src/main.o
 .debug_macro   0x000000000002439d      0x108 ./Core/Src/main.o
 .debug_macro   0x00000000000244a5       0x35 ./Core/Src/main.o
 .debug_macro   0x00000000000244da      0x5ba ./Core/Src/main.o
 .debug_macro   0x0000000000024a94       0x44 ./Core/Src/main.o
 .debug_macro   0x0000000000024ad8      0x15b ./Core/Src/main.o
 .debug_macro   0x0000000000024c33       0x61 ./Core/Src/main.o
 .debug_macro   0x0000000000024c94       0x29 ./Core/Src/main.o
 .debug_macro   0x0000000000024cbd       0x43 ./Core/Src/main.o
 .debug_macro   0x0000000000024d00       0x34 ./Core/Src/main.o
 .debug_macro   0x0000000000024d34       0x16 ./Core/Src/main.o
 .debug_macro   0x0000000000024d4a       0x43 ./Core/Src/main.o
 .debug_macro   0x0000000000024d8d       0x34 ./Core/Src/main.o
 .debug_macro   0x0000000000024dc1       0x10 ./Core/Src/main.o
 .debug_macro   0x0000000000024dd1       0x58 ./Core/Src/main.o
 .debug_macro   0x0000000000024e29       0x8e ./Core/Src/main.o
 .debug_macro   0x0000000000024eb7       0x1c ./Core/Src/main.o
 .debug_macro   0x0000000000024ed3      0x177 ./Core/Src/main.o
 .debug_macro   0x000000000002504a      0x369 ./Core/Src/main.o
 .debug_macro   0x00000000000253b3       0x10 ./Core/Src/main.o
 .debug_macro   0x00000000000253c3       0x35 ./Core/Src/main.o
 .debug_macro   0x00000000000253f8       0x20 ./Core/Src/main.o
 .debug_macro   0x0000000000025418      0x1d9 ./Core/Src/stm32f7xx_hal_msp.o
 .debug_macro   0x00000000000255f1      0x1e3 ./Core/Src/stm32f7xx_it.o
 .debug_macro   0x00000000000257d4      0x1cf ./Core/Src/system_stm32f7xx.o
 .debug_macro   0x00000000000259a3      0x1f3 ./Drivers/STM32F7xx_HAL_Driver/Src/stm32f7xx_hal.o
 .debug_macro   0x0000000000025b96      0x1cf ./Drivers/STM32F7xx_HAL_Driver/Src/stm32f7xx_hal_cortex.o
 .debug_macro   0x0000000000025d65      0x1d5 ./Drivers/STM32F7xx_HAL_Driver/Src/stm32f7xx_hal_dma.o
 .debug_macro   0x0000000000025f3a      0x1d5 ./Drivers/STM32F7xx_HAL_Driver/Src/stm32f7xx_hal_gpio.o
 .debug_macro   0x000000000002610f      0x1f3 ./Drivers/STM32F7xx_HAL_Driver/Src/stm32f7xx_hal_rcc.o
 .debug_macro   0x0000000000026302      0x1cf ./Drivers/STM32F7xx_HAL_Driver/Src/stm32f7xx_hal_rcc_ex.o
 .debug_macro   0x00000000000264d1      0x1ec ./Drivers/STM32F7xx_HAL_Driver/Src/stm32f7xx_hal_uart.o

.debug_line     0x0000000000000000     0xa195
 .debug_line    0x0000000000000000      0xc06 ./Core/Src/main.o
 .debug_line    0x0000000000000c06      0x77a ./Core/Src/stm32f7xx_hal_msp.o
 .debug_line    0x0000000000001380      0x7e0 ./Core/Src/stm32f7xx_it.o
 .debug_line    0x0000000000001b60      0x755 ./Core/Src/system_stm32f7xx.o
 .debug_line    0x00000000000022b5       0x7a ./Core/Startup/startup_stm32f767zitx.o
 .debug_line    0x000000000000232f      0xa16 ./Drivers/STM32F7xx_HAL_Driver/Src/stm32f7xx_hal.o
 .debug_line    0x0000000000002d45      0xc6c ./Drivers/STM32F7xx_HAL_Driver/Src/stm32f7xx_hal_cortex.o
 .debug_line    0x00000000000039b1      0xf35 ./Drivers/STM32F7xx_HAL_Driver/Src/stm32f7xx_hal_dma.o
 .debug_line    0x00000000000048e6      0xb5a ./Drivers/STM32F7xx_HAL_Driver/Src/stm32f7xx_hal_gpio.o
 .debug_line    0x0000000000005440      0xe53 ./Drivers/STM32F7xx_HAL_Driver/Src/stm32f7xx_hal_rcc.o
 .debug_line    0x0000000000006293      0xe2c ./Drivers/STM32F7xx_HAL_Driver/Src/stm32f7xx_hal_rcc_ex.o
 .debug_line    0x00000000000070bf     0x30d6 ./Drivers/STM32F7xx_HAL_Driver/Src/stm32f7xx_hal_uart.o

.debug_str      0x0000000000000000    0xf047d
 .debug_str     0x0000000000000000    0xee714 ./Core/Src/main.o
                                      0xeee67 (size before relaxing)
 .debug_str     0x00000000000ee714      0x302 ./Core/Src/stm32f7xx_hal_msp.o
                                      0xebd91 (size before relaxing)
 .debug_str     0x00000000000eea16      0x12f ./Core/Src/stm32f7xx_it.o
                                      0xeb331 (size before relaxing)
 .debug_str     0x00000000000eeb45      0x1a4 ./Core/Src/system_stm32f7xx.o
                                      0xeb01e (size before relaxing)
 .debug_str     0x00000000000eece9       0x34 ./Core/Startup/startup_stm32f767zitx.o
                                         0x6a (size before relaxing)
 .debug_str     0x00000000000eed1d      0x447 ./Drivers/STM32F7xx_HAL_Driver/Src/stm32f7xx_hal.o
                                      0xeba5e (size before relaxing)
 .debug_str     0x00000000000ef164      0x323 ./Drivers/STM32F7xx_HAL_Driver/Src/stm32f7xx_hal_cortex.o
                                      0xeba0e (size before relaxing)
 .debug_str     0x00000000000ef487      0x333 ./Drivers/STM32F7xx_HAL_Driver/Src/stm32f7xx_hal_dma.o
                                      0xeb35d (size before relaxing)
 .debug_str     0x00000000000ef7ba      0x108 ./Drivers/STM32F7xx_HAL_Driver/Src/stm32f7xx_hal_gpio.o
                                      0xeb0dc (size before relaxing)
 .debug_str     0x00000000000ef8c2      0x260 ./Drivers/STM32F7xx_HAL_Driver/Src/stm32f7xx_hal_rcc.o
                                      0xeb399 (size before relaxing)
 .debug_str     0x00000000000efb22      0x14f ./Drivers/STM32F7xx_HAL_Driver/Src/stm32f7xx_hal_rcc_ex.o
                                      0xeb2fc (size before relaxing)
 .debug_str     0x00000000000efc71      0x80c ./Drivers/STM32F7xx_HAL_Driver/Src/stm32f7xx_hal_uart.o
                                      0xebce7 (size before relaxing)

.debug_frame    0x0000000000000000     0x1d38
 .debug_frame   0x0000000000000000      0x110 ./Core/Src/main.o
 .debug_frame   0x0000000000000110       0x84 ./Core/Src/stm32f7xx_hal_msp.o
 .debug_frame   0x0000000000000194      0x158 ./Core/Src/stm32f7xx_it.o
 .debug_frame   0x00000000000002ec       0x58 ./Core/Src/system_stm32f7xx.o
 .debug_frame   0x0000000000000344      0x3f4 ./Drivers/STM32F7xx_HAL_Driver/Src/stm32f7xx_hal.o
 .debug_frame   0x0000000000000738      0x498 ./Drivers/STM32F7xx_HAL_Driver/Src/stm32f7xx_hal_cortex.o
 .debug_frame   0x0000000000000bd0      0x250 ./Drivers/STM32F7xx_HAL_Driver/Src/stm32f7xx_hal_dma.o
 .debug_frame   0x0000000000000e20      0x14c ./Drivers/STM32F7xx_HAL_Driver/Src/stm32f7xx_hal_gpio.o
 .debug_frame   0x0000000000000f6c      0x1f8 ./Drivers/STM32F7xx_HAL_Driver/Src/stm32f7xx_hal_rcc.o
 .debug_frame   0x0000000000001164      0x118 ./Drivers/STM32F7xx_HAL_Driver/Src/stm32f7xx_hal_rcc_ex.o
 .debug_frame   0x000000000000127c      0xa10 ./Drivers/STM32F7xx_HAL_Driver/Src/stm32f7xx_hal_uart.o
 .debug_frame   0x0000000000001c8c       0x20 /Applications/STM32CubeIDE.app/Contents/Eclipse/plugins/com.st.stm32cube.ide.mcu.externaltools.gnu-tools-for-stm32.11.3.rel1.macos64_1.1.0.202305231506/tools/bin/../lib/gcc/arm-none-eabi/11.3.1/../../../../arm-none-eabi/lib/thumb/v7e-m+dp/hard/libc_nano.a(libc_a-memset.o)
 .debug_frame   0x0000000000001cac       0x2c /Applications/STM32CubeIDE.app/Contents/Eclipse/plugins/com.st.stm32cube.ide.mcu.externaltools.gnu-tools-for-stm32.11.3.rel1.macos64_1.1.0.202305231506/tools/bin/../lib/gcc/arm-none-eabi/11.3.1/../../../../arm-none-eabi/lib/thumb/v7e-m+dp/hard/libc_nano.a(libc_a-init.o)
 .debug_frame   0x0000000000001cd8       0x2c /Applications/STM32CubeIDE.app/Contents/Eclipse/plugins/com.st.stm32cube.ide.mcu.externaltools.gnu-tools-for-stm32.11.3.rel1.macos64_1.1.0.202305231506/tools/bin/../lib/gcc/arm-none-eabi/11.3.1/thumb/v7e-m+dp/hard/libgcc.a(_aeabi_uldivmod.o)
 .debug_frame   0x0000000000001d04       0x34 /Applications/STM32CubeIDE.app/Contents/Eclipse/plugins/com.st.stm32cube.ide.mcu.externaltools.gnu-tools-for-stm32.11.3.rel1.macos64_1.1.0.202305231506/tools/bin/../lib/gcc/arm-none-eabi/11.3.1/thumb/v7e-m+dp/hard/libgcc.a(_udivmoddi4.o)

.debug_line_str
                0x0000000000000000       0x5e
 .debug_line_str
                0x0000000000000000       0x5e ./Core/Startup/startup_stm32f767zitx.o
                                         0x76 (size before relaxing)
